[1 of 4] Compiling T13068[boot]     ( T13068.hs-boot, T13068.o-boot )
[2 of 4] Compiling T13068a          ( T13068a.hs, T13068a.o )

T13068a.hs:3:1: error:
    • Cannot define instance for abstract class ‘C’
    • In the instance declaration for ‘C Int’
[3 of 4] Compiling T13068           ( T13068.hs, T13068.o )
[4 of 4] Compiling Main             ( T13068m.hs, T13068m.o )
